LTspice 26.0.1 for Windows
Circuit: C:\Users\stha518\OneDrive - The University of Auckland\Documents\GitHub\ELECTENG311-\LTspice\LTSpice Simulation copy.net
Start Time: Fri Aug  7 08:58:43 2026
solver = Normal
Maximum thread count: 24
tnom = 27
temp = 27
method = trap
WARNING: Node n012 is floating.

Direct Newton iteration failed to find operating point.
Starting Gmin stepping
Gmin stepping failed to find operating point. Use".option gminsteps=0" to skip all Gmin stepping.
Starting source stepping with srcstepmethod=0
Source stepping succeeded in finding the operating point.

Total elapsed time: 17.498 seconds.

Files loaded:
C:\Users\stha518\OneDrive - The University of Auckland\Documents\GitHub\ELECTENG311-\LTspice\LTSpice Simulation copy.net
C:\Users\stha518\AppData\Local\LTspice\lib\cmp\standard.dio
C:\Users\stha518\AppData\Local\LTspice\lib\cmp\standard.bjt
C:\Users\stha518\AppData\Local\LTspice\lib\cmp\standard.mos
C:\Users\stha518\OneDrive - The University of Auckland\Documents\GitHub\ELECTENG311-\LTspice\LM324.lib
C:\Users\stha518\AppData\Local\LTspice\lib\sub\LTC.lib
C:\Users\stha518\OneDrive - The University of Auckland\Documents\GitHub\ELECTENG311-\LTspice\TLC081.mod
C:\Users\stha518\AppData\Local\LTspice\lib\sub\NE555.sub

